// Jest Snapshot v1, https://goo.gl/fbAQLP

exports[`ViewContainer snapshot 1`] = `
<div>
  <div
    class="css-ei4r1f-Main e1n1cmjm0"
  >
    <h2
      class="MuiTypography-root MuiTypography-h4"
    >
      title
    </h2>
    <div
      class="MuiContainer-root MuiContainer-maxWidthMd"
    >
      <div />
    </div>
  </div>
</div>
`;
